â–¿ 8 elements
  - "rm -f ${checkouts}/github.com-foo-1/.git/HEAD.lock"
  - "rm -f ${checkouts}/github.com-foo-1/.git/index.lock"
  - "git reset --hard"
  - "git clean -fdx"
  - "git fetch --tags --prune-tags --prune"
  - "git checkout master --quiet"
  - "rm -r -f ${checkouts}/github.com-foo-1"
  - "git clone https://github.com/foo/1 ${checkouts}/github.com-foo-1 --quiet"
